// Jest Snapshot v1, https://goo.gl/fbAQLP

exports[`useEmbeddedForecasts/useEmbeddedForecasts can get live data response 1`] = `null`;
